// Jest Snapshot v1, https://goo.gl/fbAQLP

exports[`Button Component render correctly 1`] = `
<div>
  <button
    className="btn btn-outline-secondary"
    disabled={false}
    onClick={[Function]}
  >
    =
  </button>
  <br />
  <br />
  <button
    className="btn btn-outline-warning"
    disabled={false}
    onClick={[Function]}
    type="button"
  >
    <i
      aria-hidden="true"
      className="fas fa-redo-alt"
    />
     
    5
  </button>
</div>
`;
