// Jest Snapshot v1, https://goo.gl/fbAQLP

exports[`Numbers Component should render correctly 1`] = `
<div>
  <span
    className="selected"
    id={1}
    key="0"
    onClick={[Function]}
    role="button"
    tabIndex={0}
  >
    1
  </span>
  <span
    className="selected"
    id={2}
    key="1"
    onClick={[Function]}
    role="button"
    tabIndex={0}
  >
    2
  </span>
  <span
    className="selected"
    id={3}
    key="2"
    onClick={[Function]}
    role="button"
    tabIndex={0}
  >
    3
  </span>
  <span
    className="selected"
    id={4}
    key="3"
    onClick={[Function]}
    role="button"
    tabIndex={0}
  >
    4
  </span>
  <span
    className="selected"
    id={5}
    key="4"
    onClick={[Function]}
    role="button"
    tabIndex={0}
  >
    5
  </span>
  <span
    className="selected"
    id={6}
    key="5"
    onClick={[Function]}
    role="button"
    tabIndex={0}
  >
    6
  </span>
  <span
    className="selected"
    id={7}
    key="6"
    onClick={[Function]}
    role="button"
    tabIndex={0}
  >
    7
  </span>
  <span
    className="selected"
    id={8}
    key="7"
    onClick={[Function]}
    role="button"
    tabIndex={0}
  >
    8
  </span>
  <span
    className="used"
    id={9}
    key="8"
    onClick={[Function]}
    role="button"
    tabIndex={0}
  >
    9
  </span>
</div>
`;
